main.c:59:6:clear7SEG	8	static
main.c:70:6:display7SEG	16	static
main.c:181:6:update7SEG	16	static
main.c:220:6:updateClockBuffer	16	static
main.c:231:6:setTimer0	16	static
main.c:238:6:setTimer1	16	static
main.c:243:6:timer_run	4	static
main.c:255:6:initState	8	static
main.c:269:5:main	24	static
main.c:361:6:SystemClock_Config	72	static
main.c:397:13:MX_TIM2_Init	32	static
main.c:442:13:MX_GPIO_Init	32	static
main.c:593:6:HAL_TIM_PeriodElapsedCallback	16	static
main.c:602:6:Error_Handler	4	static,ignoring_inline_asm
